This is pdfTeX, Version 3.1415926-1.40.10 (TeX Live 2009/Debian) (format=pdflatex 2010.9.5)  5 NOV 2010 14:51
entering extended mode
 restricted \write18 enabled.
 %&-line parsing enabled.
**template
(./template.tex
LaTeX2e <2009/09/24>
Babel <v3.8l> and hyphenation patterns for english, usenglishmax, dumylang, noh
yphenation, loaded.
(/usr/share/texmf-texlive/tex/latex/base/report.cls
Document Class: report 2007/10/19 v1.4h Standard LaTeX document class
(/usr/share/texmf-texlive/tex/latex/base/size10.clo
File: size10.clo 2007/10/19 v1.4h Standard LaTeX file (size option)
)
\c@part=\count79
\c@chapter=\count80
\c@section=\count81
\c@subsection=\count82
\c@subsubsection=\count83
\c@paragraph=\count84
\c@subparagraph=\count85
\c@figure=\count86
\c@table=\count87
\abovecaptionskip=\skip41
\belowcaptionskip=\skip42
\bibindent=\dimen102
)
(/usr/share/texmf-texlive/tex/latex/psnfss/helvet.sty
Package: helvet 2005/04/12 PSNFSS-v9.2a (WaS) 

(/usr/share/texmf-texlive/tex/latex/graphics/keyval.sty
Package: keyval 1999/03/16 v1.13 key=value parser (DPC)
\KV@toks@=\toks14
))
(/usr/share/texmf-texlive/tex/latex/psnfss/times.sty
Package: times 2005/04/12 PSNFSS-v9.2a (SPQR) 
)
(/usr/share/texmf-texlive/tex/latex/natbib/natbib.sty
Package: natbib 2009/07/16 8.31 (PWD, AO)
\bibhang=\skip43
\bibsep=\skip44
LaTeX Info: Redefining \cite on input line 694.
\c@NAT@ctr=\count88
)
(/usr/share/texmf-texlive/tex/latex/amsmath/amsmath.sty
Package: amsmath 2000/07/18 v2.13 AMS math features
\@mathmargin=\skip45

For additional information on amsmath, use the `?' option.
(/usr/share/texmf-texlive/tex/latex/amsmath/amstext.sty
Package: amstext 2000/06/29 v2.01

(/usr/share/texmf-texlive/tex/latex/amsmath/amsgen.sty
File: amsgen.sty 1999/11/30 v2.0
\@emptytoks=\toks15
\ex@=\dimen103
))
(/usr/share/texmf-texlive/tex/latex/amsmath/amsbsy.sty
Package: amsbsy 1999/11/29 v1.2d
\pmbraise@=\dimen104
)
(/usr/share/texmf-texlive/tex/latex/amsmath/amsopn.sty
Package: amsopn 1999/12/14 v2.01 operator names
)
\inf@bad=\count89
LaTeX Info: Redefining \frac on input line 211.
\uproot@=\count90
\leftroot@=\count91
LaTeX Info: Redefining \overline on input line 307.
\classnum@=\count92
\DOTSCASE@=\count93
LaTeX Info: Redefining \ldots on input line 379.
LaTeX Info: Redefining \dots on input line 382.
LaTeX Info: Redefining \cdots on input line 467.
\Mathstrutbox@=\box26
\strutbox@=\box27
\big@size=\dimen105
LaTeX Font Info:    Redeclaring font encoding OML on input line 567.
LaTeX Font Info:    Redeclaring font encoding OMS on input line 568.
\macc@depth=\count94
\c@MaxMatrixCols=\count95
\dotsspace@=\muskip10
\c@parentequation=\count96
\dspbrk@lvl=\count97
\tag@help=\toks16
\row@=\count98
\column@=\count99
\maxfields@=\count100
\andhelp@=\toks17
\eqnshift@=\dimen106
\alignsep@=\dimen107
\tagshift@=\dimen108
\tagwidth@=\dimen109
\totwidth@=\dimen110
\lineht@=\dimen111
\@envbody=\toks18
\multlinegap=\skip46
\multlinetaggap=\skip47
\mathdisplay@stack=\toks19
LaTeX Info: Redefining \[ on input line 2666.
LaTeX Info: Redefining \] on input line 2667.
)
(/usr/share/texmf-texlive/tex/latex/glossaries/base/glossaries.sty
Package: glossaries 2010/07/10 v2.07 (NLCT)

(/usr/share/texmf-texlive/tex/latex/base/ifthen.sty
Package: ifthen 2001/05/26 v1.1c Standard LaTeX ifthen package (DPC)
)
(/usr/share/texmf-texlive/tex/latex/xkeyval/xkeyval.sty
Package: xkeyval 2008/08/13 v2.6a package option processing (HA)

(/usr/share/texmf-texlive/tex/generic/xkeyval/xkeyval.tex
\XKV@toks=\toks20
\XKV@tempa@toks=\toks21
\XKV@depth=\count101
File: xkeyval.tex 2008/08/13 v2.6a key=value parser (HA)
))
(/usr/share/texmf-texlive/tex/latex/glossaries/base/mfirstuc.sty
Package: mfirstuc 2009/11/03 v1.04 (NLCT)
\@glsmfirst=\toks22
\@glsmrest=\toks23
)
(/usr/share/texmf-texlive/tex/latex/xfor/xfor.sty
Package: xfor 2009/02/05 v1.05 (NLCT)
)
\gls@level=\count102
\@gls@tmpb=\toks24
\gls@tmplen=\skip48
\istfile=\write3
\glskeylisttok=\toks25
\glslabeltok=\toks26
\glsshorttok=\toks27
\glslongtok=\toks28

(/usr/share/texmf-texlive/tex/latex/glossaries/styles/glossary-hypernav.sty
Package: glossary-hypernav 2007/07/04 v1.01 (NLCT)
)
(/usr/share/texmf-texlive/tex/latex/glossaries/styles/glossary-list.sty
Package: glossary-list 2009/05/30 v2.01 (NLCT)
\glslistdottedwidth=\skip49
)
(/usr/share/texmf-texlive/tex/latex/glossaries/styles/glossary-long.sty
Package: glossary-long 2009/05/30 v2.01 (NLCT)

(/usr/share/texmf-texlive/tex/latex/tools/longtable.sty
Package: longtable 2004/02/01 v4.11 Multi-page Table package (DPC)
\LTleft=\skip50
\LTright=\skip51
\LTpre=\skip52
\LTpost=\skip53
\LTchunksize=\count103
\LTcapwidth=\dimen112
\LT@head=\box28
\LT@firsthead=\box29
\LT@foot=\box30
\LT@lastfoot=\box31
\LT@cols=\count104
\LT@rows=\count105
\c@LT@tables=\count106
\c@LT@chunks=\count107
\LT@p@ftn=\toks29
)
\glsdescwidth=\skip54
\glspagelistwidth=\skip55
)
(/usr/share/texmf-texlive/tex/latex/glossaries/styles/glossary-tree.sty
Package: glossary-tree 2009/01/14 v1.01 (NLCT)
\glstreeindent=\skip56
))
(/usr/share/texmf-texlive/tex/latex/graphics/graphicx.sty
Package: graphicx 1999/02/16 v1.0f Enhanced LaTeX Graphics (DPC,SPQR)

(/usr/share/texmf-texlive/tex/latex/graphics/graphics.sty
Package: graphics 2009/02/05 v1.0o Standard LaTeX Graphics (DPC,SPQR)

(/usr/share/texmf-texlive/tex/latex/graphics/trig.sty
Package: trig 1999/03/16 v1.09 sin cos tan (DPC)
)
(/etc/texmf/tex/latex/config/graphics.cfg
File: graphics.cfg 2009/08/28 v1.8 graphics configuration of TeX Live
)
Package graphics Info: Driver file: pdftex.def on input line 91.

(/usr/share/texmf-texlive/tex/latex/pdftex-def/pdftex.def
File: pdftex.def 2009/08/25 v0.04m Graphics/color for pdfTeX
\Gread@gobject=\count108
))
\Gin@req@height=\dimen113
\Gin@req@width=\dimen114
)
(/usr/share/texmf-texlive/tex/latex/subfig/subfig.sty
Package: subfig 2005/06/28 ver: 1.3 subfig package

(/usr/share/texmf-texlive/tex/latex/caption/caption.sty
Package: caption 2009/10/09 v3.1k Customizing captions (AR)

(/usr/share/texmf-texlive/tex/latex/caption/caption3.sty
Package: caption3 2009/10/09 v3.1k caption3 kernel (AR)
\captionmargin=\dimen115
\captionmargin@=\dimen116
\captionwidth=\dimen117
\caption@indent=\dimen118
\caption@parindent=\dimen119
\caption@hangindent=\dimen120
)
\c@ContinuedFloat=\count109
Package caption Info: longtable package is loaded.

(/usr/share/texmf-texlive/tex/latex/caption/ltcaption.sty
Package: ltcaption 2008/03/28 v1.2 longtable captions (AR)
))
\c@KVtest=\count110
\sf@farskip=\skip57
\sf@captopadj=\dimen121
\sf@capskip=\skip58
\sf@nearskip=\skip59
\c@subfigure=\count111
\c@subfigure@save=\count112
\c@lofdepth=\count113
\c@subtable=\count114
\c@subtable@save=\count115
\c@lotdepth=\count116
\sf@top=\skip60
\sf@bottom=\skip61
)
(/usr/share/texmf-texlive/tex/latex/multirow/multirow.sty
\bigstrutjot=\dimen122
)
(/usr/share/texmf-texlive/tex/latex/ltxmisc/url.sty
\Urlmuskip=\muskip11
Package: url 2006/04/12  ver 3.3  Verb mode for urls, etc.
)
\glo@main@file=\write4
\openout4 = `template.glo'.

Package glossaries Info: Writing glossary file template.glo on input line 31.

\@input{gloss.aux}
\openout2 = `gloss.aux'.

(./gloss.tex) (/usr/share/texmf-texlive/tex/latex/hyperref/hyperref.sty
Package: hyperref 2009/10/09 v6.79a Hypertext links for LaTeX

(/usr/share/texmf-texlive/tex/generic/oberdiek/ifpdf.sty
Package: ifpdf 2009/04/10 v2.0 Provides the ifpdf switch (HO)
Package ifpdf Info: pdfTeX in pdf mode detected.
)
(/usr/share/texmf-texlive/tex/generic/oberdiek/ifvtex.sty
Package: ifvtex 2008/11/04 v1.4 Switches for detecting VTeX and its modes (HO)
Package ifvtex Info: VTeX not detected.
)
(/usr/share/texmf-texlive/tex/generic/ifxetex/ifxetex.sty
Package: ifxetex 2009/01/23 v0.5 Provides ifxetex conditional
)
(/usr/share/texmf-texlive/tex/latex/oberdiek/hycolor.sty
Package: hycolor 2009/10/02 v1.5 Code for color options of hyperref/bookmark (H
O)

(/usr/share/texmf-texlive/tex/latex/oberdiek/xcolor-patch.sty
Package: xcolor-patch 2009/10/02 xcolor patch
))
\@linkdim=\dimen123
\Hy@linkcounter=\count117
\Hy@pagecounter=\count118

(/usr/share/texmf-texlive/tex/latex/hyperref/pd1enc.def
File: pd1enc.def 2009/10/09 v6.79a Hyperref: PDFDocEncoding definition (HO)
)
(/usr/share/texmf-texlive/tex/generic/oberdiek/etexcmds.sty
Package: etexcmds 2007/12/12 v1.2 Prefix for e-TeX command names (HO)

(/usr/share/texmf-texlive/tex/generic/oberdiek/infwarerr.sty
Package: infwarerr 2007/09/09 v1.2 Providing info/warning/message (HO)
)
Package etexcmds Info: Could not find \expanded.
(etexcmds)             That can mean that you are not using pdfTeX 1.50 or
(etexcmds)             that some package has redefined \expanded.
(etexcmds)             In the latter case, load this package earlier.
)
(/etc/texmf/tex/latex/config/hyperref.cfg
File: hyperref.cfg 2002/06/06 v1.2 hyperref configuration of TeXLive
)
(/usr/share/texmf-texlive/tex/latex/oberdiek/kvoptions.sty
Package: kvoptions 2009/08/13 v3.4 Keyval support for LaTeX options (HO)

(/usr/share/texmf-texlive/tex/generic/oberdiek/kvsetkeys.sty
Package: kvsetkeys 2009/07/30 v1.5 Key value parser with default handler suppor
t (HO)
))
Package hyperref Info: Hyper figures OFF on input line 2975.
Package hyperref Info: Link nesting OFF on input line 2980.
Package hyperref Info: Hyper index ON on input line 2983.
Package hyperref Info: Plain pages OFF on input line 2990.
Package hyperref Info: Backreferencing OFF on input line 2995.

Implicit mode ON; LaTeX internals redefined
Package hyperref Info: Bookmarks ON on input line 3191.
LaTeX Info: Redefining \url on input line 3428.
(/usr/share/texmf-texlive/tex/generic/oberdiek/bitset.sty
Package: bitset 2007/09/28 v1.0 Data type bit set (HO)

(/usr/share/texmf-texlive/tex/generic/oberdiek/intcalc.sty
Package: intcalc 2007/09/27 v1.1 Expandable integer calculations (HO)
)
(/usr/share/texmf-texlive/tex/generic/oberdiek/bigintcalc.sty
Package: bigintcalc 2007/11/11 v1.1 Expandable big integer calculations (HO)

(/usr/share/texmf-texlive/tex/generic/oberdiek/pdftexcmds.sty
Package: pdftexcmds 2009/09/23 v0.6 LuaTeX support for pdfTeX utility functions
 (HO)

(/usr/share/texmf-texlive/tex/generic/oberdiek/ifluatex.sty
Package: ifluatex 2009/04/17 v1.2 Provides the ifluatex switch (HO)
Package ifluatex Info: LuaTeX not detected.
)
(/usr/share/texmf-texlive/tex/generic/oberdiek/ltxcmds.sty
Package: ltxcmds 2009/08/05 v1.0 Some LaTeX kernel commands for general use (HO
)
)
Package pdftexcmds Info: LuaTeX not detected.
Package pdftexcmds Info: \pdf@primitive is available.
Package pdftexcmds Info: \pdf@ifprimitive is available.
)))
\Fld@menulength=\count119
\Field@Width=\dimen124
\Fld@charsize=\dimen125
\Field@toks=\toks30
Package hyperref Info: Hyper figures OFF on input line 4377.
Package hyperref Info: Link nesting OFF on input line 4382.
Package hyperref Info: Hyper index ON on input line 4385.
Package hyperref Info: backreferencing OFF on input line 4392.
Package hyperref Info: Link coloring OFF on input line 4397.
Package hyperref Info: Link coloring with OCG OFF on input line 4402.
Package hyperref Info: PDF/A mode OFF on input line 4407.

(/usr/share/texmf-texlive/tex/generic/oberdiek/atbegshi.sty
Package: atbegshi 2008/07/31 v1.9 At begin shipout hook (HO)
)
\Hy@abspage=\count120
\c@Item=\count121
\c@Hfootnote=\count122
)
*hyperref using default driver hpdftex*
(/usr/share/texmf-texlive/tex/latex/hyperref/hpdftex.def
File: hpdftex.def 2009/10/09 v6.79a Hyperref driver for pdfTeX
\Fld@listcount=\count123
) (./template.aux

LaTeX Warning: Label `fig:gull' multiply defined.


LaTeX Warning: Label `sub@fig:gull' multiply defined.


LaTeX Warning: Label `fig:tiger' multiply defined.


LaTeX Warning: Label `sub@fig:tiger' multiply defined.


LaTeX Warning: Label `fig:gull' multiply defined.


LaTeX Warning: Label `sub@fig:gull' multiply defined.


LaTeX Warning: Label `fig:tiger' multiply defined.


LaTeX Warning: Label `sub@fig:tiger' multiply defined.

)
\openout1 = `template.aux'.

LaTeX Font Info:    Checking defaults for OML/cmm/m/it on input line 35.
LaTeX Font Info:    ... okay on input line 35.
LaTeX Font Info:    Checking defaults for T1/cmr/m/n on input line 35.
LaTeX Font Info:    ... okay on input line 35.
LaTeX Font Info:    Checking defaults for OT1/cmr/m/n on input line 35.
LaTeX Font Info:    ... okay on input line 35.
LaTeX Font Info:    Checking defaults for OMS/cmsy/m/n on input line 35.
LaTeX Font Info:    ... okay on input line 35.
LaTeX Font Info:    Checking defaults for OMX/cmex/m/n on input line 35.
LaTeX Font Info:    ... okay on input line 35.
LaTeX Font Info:    Checking defaults for U/cmr/m/n on input line 35.
LaTeX Font Info:    ... okay on input line 35.
LaTeX Font Info:    Checking defaults for PD1/pdf/m/n on input line 35.
LaTeX Font Info:    ... okay on input line 35.
LaTeX Font Info:    Try loading font information for OT1+ptm on input line 35.
 (/usr/share/texmf-texlive/tex/latex/psnfss/ot1ptm.fd
File: ot1ptm.fd 2001/06/04 font definitions for OT1/ptm.
)
(/usr/share/texmf-texlive/tex/context/base/supp-pdf.mkii
[Loading MPS to PDF converter (version 2006.09.02).]
\scratchcounter=\count124
\scratchdimen=\dimen126
\scratchbox=\box32
\nofMPsegments=\count125
\nofMParguments=\count126
\everyMPshowfont=\toks31
\MPscratchCnt=\count127
\MPscratchDim=\dimen127
\MPnumerator=\count128
\everyMPtoPDFconversion=\toks32
)
Package caption Info: Begin \AtBeginDocument code.
Package caption3 Info: subfig package 1.2 or 1.3 is loaded.
LaTeX Info: Redefining \subref on input line 35.
Package caption Info: hyperref package is loaded.
Package caption Info: End \AtBeginDocument code.
Package hyperref Info: Link coloring OFF on input line 35.
 (/usr/share/texmf-texlive/tex/latex/hyperref/nameref.sty
Package: nameref 2007/05/29 v2.31 Cross-referencing by name of section

(/usr/share/texmf-texlive/tex/latex/oberdiek/refcount.sty
Package: refcount 2008/08/11 v3.1 Data extraction from references (HO)
)
\c@section@level=\count129
)
LaTeX Info: Redefining \ref on input line 35.
LaTeX Info: Redefining \pageref on input line 35.
 (./template.out)
(./template.out)
\@outlinefile=\write5
\openout5 = `template.out'.

\AtBeginShipoutBox=\box33
 (./title.tex
LaTeX Font Info:    Font shape `OT1/ptm/bx/n' in size <17.28> not available
(Font)              Font shape `OT1/ptm/b/n' tried instead on input line 7.
LaTeX Font Info:    Font shape `OT1/ptm/bx/n' in size <10> not available
(Font)              Font shape `OT1/ptm/b/n' tried instead on input line 21.
 [1

\openout3 = `template.ist'.



{/var/lib/texmf/fonts/map/pdftex/updmap/pdftex.map}]) (./abstract.tex)pdfTeX wa
rning (ext4): destination with the same identifier (name{page.1}) has been alre
ady used, duplicate ignored
<to be read again> 
                   \relax 
l.40 	\end{abstract}
                     [1]
LaTeX Font Info:    Font shape `OT1/ptm/bx/n' in size <24.88> not available
(Font)              Font shape `OT1/ptm/b/n' tried instead on input line 45.
 (./template.toc [1

] [2])
\tf@toc=\write6
\openout6 = `template.toc'.

 [3] (./template.lof)
\tf@lof=\write7
\openout7 = `template.lof'.

 [4

]
[5] (./template.lot)
\tf@lot=\write8
\openout8 = `template.lot'.

 (./template.gls [6

] [7


] [8] [9] [10]) [11]
Chapter 1.
LaTeX Font Info:    Font shape `OT1/ptm/bx/n' in size <20.74> not available
(Font)              Font shape `OT1/ptm/b/n' tried instead on input line 53.
(./introduction.texpdfTeX warning (ext4): destination with the same identifier 
(name{page.1}) has been already used, duplicate ignored
<to be read again> 
                   \relax 
l.17 \section
             {Research question} [1

]
LaTeX Font Info:    Font shape `OT1/ptm/bx/n' in size <14.4> not available
(Font)              Font shape `OT1/ptm/b/n' tried instead on input line 17.
LaTeX Font Info:    Try loading font information for OMS+ptm on input line 22.

(/usr/share/texmf-texlive/tex/latex/psnfss/omsptm.fd
File: omsptm.fd 
)
LaTeX Font Info:    Font shape `OMS/ptm/m/n' in size <10> not available
(Font)              Font shape `OMS/cmsy/m/n' tried instead on input line 22.

<./intro/overview.pdf, id=840, 1120.98805pt x 736.35098pt>
File: ./intro/overview.pdf Graphic file (type pdf)

<use ./intro/overview.pdf> [2] [3 <./intro/overview.pdf>]) [4]
Chapter 2.
(./multitouch.tex
LaTeX Font Info:    Font shape `OT1/ptm/bx/n' in size <12> not available
(Font)              Font shape `OT1/ptm/b/n' tried instead on input line 5.
 [5

]
Overfull \hbox (8.98448pt too wide) in paragraph at lines 17--18
[]\OT1/ptm/m/n/10 Direct-touch has been shown to be faster than us-ing single-p
oint, indirect-touch meth-ods, such as a mouse [[]Kin
 []

[6] [7]) (./gestures.tex [8]) (./gameEval.tex [9]
<drawing.pdf, id=1058, 464.93701pt x 474.57298pt>
File: drawing.pdf Graphic file (type pdf)
 <use drawing.pdf> [10 <./drawing.pdf>] [11] [12] [13] [14]) (./gesGames.tex [1
5]) [16]
Chapter 3.
(./designDoc.tex
LaTeX Font Info:    Font shape `OT1/ptm/bx/it' in size <14.4> not available
(Font)              Font shape `OT1/ptm/b/it' tried instead on input line 8.
 [17

]
<./designDocImages/colRot.pdf, id=1364, 303.534pt x 272.21701pt>
File: ./designDocImages/colRot.pdf Graphic file (type pdf)

<use ./designDocImages/colRot.pdf>
LaTeX Font Info:    Font shape `OT1/ptm/bx/it' in size <10> not available
(Font)              Font shape `OT1/ptm/b/it' tried instead on input line 53.
 [18]
<./designDocImages/left1.pdf, id=1376, 1530.51805pt x 871.255pt>
File: ./designDocImages/left1.pdf Graphic file (type pdf)

<use ./designDocImages/left1.pdf>
<./designDocImages/left2.pdf, id=1378, 1530.51805pt x 940.31299pt>
File: ./designDocImages/left2.pdf Graphic file (type pdf)

<use ./designDocImages/left2.pdf> [19 <./designDocImages/colRot.pdf> <./designD
ocImages/left1.pdf> <./designDocImages/left2.pdf>]
<./designDocImages/up_1.png, id=1394, 1529.9559pt x 871.5762pt>
File: ./designDocImages/up_1.png Graphic file (type png)

<use ./designDocImages/up_1.png>
<./designDocImages/up_2.pdf, id=1395, 1530.51805pt x 940.31299pt>
File: ./designDocImages/up_2.pdf Graphic file (type pdf)

<use ./designDocImages/up_2.pdf>
<./designDocImages/gaps1.pdf, id=1397, 1530.51805pt x 940.31299pt>
File: ./designDocImages/gaps1.pdf Graphic file (type pdf)

<use ./designDocImages/gaps1.pdf>
<./designDocImages/gaps2.pdf, id=1399, 1530.51805pt x 940.31299pt>
File: ./designDocImages/gaps2.pdf Graphic file (type pdf)

<use ./designDocImages/gaps2.pdf>
Underfull \hbox (badness 10000) in paragraph at lines 102--102
[]\OT1/ptm/m/n/10 Movement
 []


Overfull \hbox (6.53685pt too wide) in paragraph at lines 102--102
[]\OT1/ptm/m/n/10 Diagram| 
 []

<./designDocImages/left.pdf, id=1410, 403.909pt x 91.54199pt>
File: ./designDocImages/left.pdf Graphic file (type pdf)

<use ./designDocImages/left.pdf>
Overfull \hbox (14.22638pt too wide) in paragraph at lines 103--103
 [] 
 []

<./designDocImages/right.pdf, id=1412, 403.909pt x 91.54199pt>
File: ./designDocImages/right.pdf Graphic file (type pdf)

<use ./designDocImages/right.pdf>
Overfull \hbox (14.22638pt too wide) in paragraph at lines 104--104
 [] 
 []

<./designDocImages/up.pdf, id=1414, 91.54199pt x 403.909pt>
File: ./designDocImages/up.pdf Graphic file (type pdf)

<use ./designDocImages/up.pdf>
<./designDocImages/down.pdf, id=1416, 91.54199pt x 403.909pt>
File: ./designDocImages/down.pdf Graphic file (type pdf)

<use ./designDocImages/down.pdf>
<./designDocImages/forward.pdf, id=1418, 296.307pt x 293.095pt>
File: ./designDocImages/forward.pdf Graphic file (type pdf)

<use ./designDocImages/forward.pdf>
Overfull \hbox (1.17969pt too wide) in paragraph at lines 107--107
 [] 
 []

<./designDocImages/backward.pdf, id=1420, 296.307pt x 293.095pt>
File: ./designDocImages/backward.pdf Graphic file (type pdf)

<use ./designDocImages/backward.pdf>
Overfull \hbox (1.17969pt too wide) in paragraph at lines 108--108
 [] 
 []

<./designDocImages/z.pdf, id=1423, 415.151pt x 281.85298pt>
File: ./designDocImages/z.pdf Graphic file (type pdf)

<use ./designDocImages/z.pdf>
Overfull \hbox (13.06479pt too wide) in paragraph at lines 109--109
 [] 
 []


Underfull \hbox (badness 10000) in paragraph at lines 110--110
[]\OT1/ptm/m/n/10 Two neigh-bour-ing
 []

<./designDocImages/swap.pdf, id=1425, 342.88101pt x 293.898pt>
File: ./designDocImages/swap.pdf Graphic file (type pdf)

<use ./designDocImages/swap.pdf>
Overfull \hbox (22.97719pt too wide) in paragraph at lines 110--110
 [] 
 []

<./designDocImages/rock.pdf, id=1427, 399.091pt x 406.318pt>
File: ./designDocImages/rock.pdf Graphic file (type pdf)

<use ./designDocImages/rock.pdf>
Overfull \hbox (11.45868pt too wide) in paragraph at lines 111--111
 [] 
 []


Underfull \hbox (badness 10000) in alignment at lines 100--113
[][][][]
 []


LaTeX Warning: Float too large for page by 25.12392pt on input line 116.

<./designDocImages/dmVersion.pdf, id=1430, 226.446pt x 690.58pt>
File: ./designDocImages/dmVersion.pdf Graphic file (type pdf)

<use ./designDocImages/dmVersion.pdf> [20 <./designDocImages/up_1.png (PNG copy
)> <./designDocImages/up_2.pdf> <./designDocImages/gaps1.pdf> <./designDocImage
s/gaps2.pdf>] [21 <./designDocImages/left.pdf> <./designDocImages/right.pdf> <.
/designDocImages/up.pdf> <./designDocImages/down.pdf> <./designDocImages/forwar
d.pdf> <./designDocImages/backward.pdf> <./designDocImages/z.pdf> <./designDocI
mages/swap.pdf> <./designDocImages/rock.pdf>] [22 <./designDocImages/dmVersion.
pdf>] <./designDocImages/interface.pdf, id=1481, 674.52pt x 527.57097pt>
File: ./designDocImages/interface.pdf Graphic file (type pdf)

<use ./designDocImages/interface.pdf> [23 <./designDocImages/interface.pdf>])
(./technicalDesign.tex
<./tddImages/tddOverview.pdf, id=1511, 1129.82097pt x 766.865pt>
File: ./tddImages/tddOverview.pdf Graphic file (type pdf)

<use ./tddImages/tddOverview.pdf>
LaTeX Font Info:    Try loading font information for OT1+pcr on input line 20.

(/usr/share/texmf-texlive/tex/latex/psnfss/ot1pcr.fd
File: ot1pcr.fd 2001/06/04 font definitions for OT1/pcr.
) [24] [25 <./tddImages/tddOverview.pdf>]
Underfull \hbox (badness 10000) in alignment at lines 84--93
[][][][][][][][]
 []

[26]
Underfull \hbox (badness 10000) in paragraph at lines 132--133

 []

[27] [28] <./tddImages/moveB.pdf, id=1573, 822.27202pt x 616.70403pt>
File: ./tddImages/moveB.pdf Graphic file (type pdf)

<use ./tddImages/moveB.pdf>
<./tddImages/moveA.pdf, id=1575, 822.27202pt x 616.70403pt>
File: ./tddImages/moveA.pdf Graphic file (type pdf)

<use ./tddImages/moveA.pdf> [29 <./tddImages/moveB.pdf> <./tddImages/moveA.pdf>
] <./tddImages/dmSS.pdf, id=1597, 822.27202pt x 616.70403pt>
File: ./tddImages/dmSS.pdf Graphic file (type pdf)

<use ./tddImages/dmSS.pdf>
<./tddImages/gestureSS.pdf, id=1599, 822.27202pt x 616.70403pt>
File: ./tddImages/gestureSS.pdf Graphic file (type pdf)

<use ./tddImages/gestureSS.pdf>
<./tddImages/mixedSS.pdf, id=1601, 822.27202pt x 616.70403pt>
File: ./tddImages/mixedSS.pdf Graphic file (type pdf)

<use ./tddImages/mixedSS.pdf>

LaTeX Warning: `h' float specifier changed to `ht'.

[30] [31 <./tddImages/dmSS.pdf> <./tddImages/gestureSS.pdf> <./tddImages/mixedS
S.pdf>]
Underfull \hbox (badness 10000) in paragraph at lines 287--287
[]\OT1/ptm/m/n/10 All en-abled apart
 []


Underfull \hbox (badness 2626) in paragraph at lines 287--287
[]\OT1/ptm/m/n/10 Visible but with-out
 []


Underfull \hbox (badness 10000) in paragraph at lines 287--287
\OT1/ptm/m/n/10 but-tons for \OT1/ptm/m/it/10 Rock
 []


Underfull \hbox (badness 10000) in paragraph at lines 287--287
\OT1/ptm/m/it/10 shape \OT1/ptm/m/n/10 and \OT1/ptm/m/it/10 Move
 []


Underfull \hbox (badness 4505) in paragraph at lines 287--287
\OT1/ptm/m/n/10 and \OT1/ptm/m/it/10 Move to-gether
 []


Underfull \hbox (badness 5064) in paragraph at lines 287--287
\OT1/ptm/m/n/10 but-tons along with
 []

) (./gameTesting.tex [32]) [33]
Chapter 4.
(./FEbackground.tex [34

]
<./FEimages/interpolation.pdf, id=1672, 676.92903pt x 298.716pt>
File: ./FEimages/interpolation.pdf Graphic file (type pdf)

<use ./FEimages/interpolation.pdf>
<./FEimages/smoothing.pdf, id=1674, 676.92903pt x 331.63899pt>
File: ./FEimages/smoothing.pdf Graphic file (type pdf)

<use ./FEimages/smoothing.pdf>
<./FEimages/spline.pdf, id=1676, 706.64pt x 305.14pt>
File: ./FEimages/spline.pdf Graphic file (type pdf)

<use ./FEimages/spline.pdf>
<./FEimages/lineRegression.pdf, id=1678, 706.64pt x 305.14pt>
File: ./FEimages/lineRegression.pdf Graphic file (type pdf)

<use ./FEimages/lineRegression.pdf>
Underfull \hbox (badness 4378) in paragraph at lines 23--23
[]\OT1/ptm/m/n/8 (d) |Straight-line re-
 []

<./FEimages/parabolicRegression.pdf, id=1680, 676.92903pt x 332.44202pt>
File: ./FEimages/parabolicRegression.pdf Graphic file (type pdf)

<use ./FEimages/parabolicRegression.pdf> [35 <./FEimages/interpolation.pdf> <./
FEimages/smoothing.pdf> <./FEimages/spline.pdf> <./FEimages/lineRegression.pdf>
 <./FEimages/parabolicRegression.pdf>]) (./FEdesign.tex
<./FEimages/sysOverview.pdf, id=1737, 1089.67097pt x 494.648pt>
File: ./FEimages/sysOverview.pdf Graphic file (type pdf)

<use ./FEimages/sysOverview.pdf> [36 <./FEimages/sysOverview.pdf>]
<./FEimages/touchB.pdf, id=1754, 1325.75305pt x 196.735pt>
File: ./FEimages/touchB.pdf Graphic file (type pdf)

<use ./FEimages/touchB.pdf>
<./FEimages/touchM.pdf, id=1756, 1794.705pt x 410.333pt>
File: ./FEimages/touchM.pdf Graphic file (type pdf)

<use ./FEimages/touchM.pdf>
<./FEimages/touchE.pdf, id=1758, 2176.13pt x 415.151pt>
File: ./FEimages/touchE.pdf Graphic file (type pdf)

<use ./FEimages/touchE.pdf> [37 <./FEimages/touchB.pdf> <./FEimages/touchM.pdf>
 <./FEimages/touchE.pdf>]
<./FEimages/featureDescrip.pdf, id=1793, 281.85298pt x 288.27701pt>
File: ./FEimages/featureDescrip.pdf Graphic file (type pdf)

<use ./FEimages/featureDescrip.pdf> [38 <./FEimages/featureDescrip.pdf>])
(./FEimplementation.tex [39] [40]
<./FEimages/quadrants.pdf, id=1829, 706.64pt x 706.64pt>
File: ./FEimages/quadrants.pdf Graphic file (type pdf)

<use ./FEimages/quadrants.pdf> [41]
<./FEimages/extend.pdf, id=1839, 937.90402pt x 57.816pt>
File: ./FEimages/extend.pdf Graphic file (type pdf)

<use ./FEimages/extend.pdf>) (./FEevaluation.tex [42 <./FEimages/quadrants.pdf>
 <./FEimages/extend.pdf>] [43] [44] [45] [46]) [47]
Chapter 5.
(./method.tex [48

]
Underfull \hbox (badness 10000) in paragraph at lines 40--40
[]\OT1/ptm/m/it/10 Merging of Ac-tion and
 []

[49]
Overfull \hbox (12.42859pt too wide) in alignment at lines 72--82
[] [] [] [] []
 []

[50]
Overfull \hbox (12.42859pt too wide) in alignment at lines 94--104
[] [] [] [] []
 []

[51]) (./results.tex [52]
<./stats/anovaGraph.pdf, id=1959, 702.625pt x 493.042pt>
File: ./stats/anovaGraph.pdf Graphic file (type pdf)

<use ./stats/anovaGraph.pdf>

LaTeX Warning: `h' float specifier changed to `ht'.

[53] [54 <./stats/anovaGraph.pdf>]

LaTeX Warning: `!h' float specifier changed to `!ht'.

[55] [56] [57]) (./discussion.tex [58] [59] [60] [61]) [62]
Chapter 6.
(./conclusion.tex [63

]) (./template.bbl [64]
Underfull \hbox (badness 10000) in paragraph at lines 10--15
\OT1/pcr/m/n/10 #documentation / iPhone / Conceptual / iPhoneOSProgrammingGuide
 / Introduction /
 []


Underfull \hbox (badness 6220) in paragraph at lines 85--88
[]\OT1/ptm/m/sc/10 eFunda\OT1/ptm/m/n/10 . 2010.  Least-squares parabola.  []$\
OT1/pcr/m/n/10 http : / / www . efunda . com / math / leastsquares /
 []

[65

] [66]
Missing character: There is no Ã in font ptmrc7t!
Missing character: There is no ¶ in font ptmrc7t!
 [67]) (./FEappendix.tex [68]
Appendix A.
LaTeX Font Info:    Font shape `OT1/ptm/bx/it' in size <12> not available
(Font)              Font shape `OT1/ptm/b/it' tried instead on input line 6.

Underfull \hbox (badness 10000) in paragraph at lines 30--30
[]\OT1/ptm/m/n/10 Random
 []


Underfull \hbox (badness 10000) in paragraph at lines 34--34
[]\OT1/ptm/m/n/10 Random
 []


Overfull \hbox (14.4728pt too wide) in alignment at lines 27--41
[][][][][]
 []


Underfull \hbox (badness 10000) in paragraph at lines 66--66
[]\OT1/ptm/m/n/10 Random
 []


Underfull \hbox (badness 10000) in paragraph at lines 70--70
[]\OT1/ptm/m/n/10 Random
 []


Overfull \hbox (14.4728pt too wide) in alignment at lines 63--77
[][][][][]
 []

[69

]
Underfull \hbox (badness 10000) in paragraph at lines 101--101
[]\OT1/ptm/m/n/10 Random
 []


Underfull \hbox (badness 10000) in paragraph at lines 105--105
[]\OT1/ptm/m/n/10 Random
 []


Overfull \hbox (14.4728pt too wide) in alignment at lines 98--112
[][][][][]
 []

[70]
Underfull \hbox (badness 10000) in paragraph at lines 156--156
[]\OT1/ptm/m/n/10 Random
 []


Underfull \hbox (badness 10000) in paragraph at lines 160--160
[]\OT1/ptm/m/n/10 Random
 []


Overfull \hbox (14.4728pt too wide) in alignment at lines 153--167
[][][][][]
 []


Underfull \hbox (badness 10000) in paragraph at lines 191--191
[]\OT1/ptm/m/n/10 Random
 []


Underfull \hbox (badness 10000) in paragraph at lines 195--195
[]\OT1/ptm/m/n/10 Random
 []


Overfull \hbox (14.4728pt too wide) in alignment at lines 188--202
[][][][][]
 []

[71]
Underfull \hbox (badness 10000) in paragraph at lines 243--243
[]\OT1/ptm/m/n/10 Random
 []


Underfull \hbox (badness 10000) in paragraph at lines 247--247
[]\OT1/ptm/m/n/10 Random
 []


Overfull \hbox (14.4728pt too wide) in alignment at lines 240--254
[][][][][]
 []


Underfull \hbox (badness 10000) in paragraph at lines 304--304
[]\OT1/ptm/m/n/10 Random
 []


Underfull \hbox (badness 10000) in paragraph at lines 308--308
[]\OT1/ptm/m/n/10 Random
 []


Overfull \hbox (14.4728pt too wide) in alignment at lines 301--315
[][][][][]
 []

[72]
Underfull \hbox (badness 10000) in paragraph at lines 339--339
[]\OT1/ptm/m/n/10 Random
 []


Underfull \hbox (badness 10000) in paragraph at lines 343--343
[]\OT1/ptm/m/n/10 Random
 []


Overfull \hbox (14.4728pt too wide) in alignment at lines 336--350
[][][][][]
 []


Underfull \hbox (badness 10000) in paragraph at lines 374--374
[]\OT1/ptm/m/n/10 Random
 []


Underfull \hbox (badness 10000) in paragraph at lines 378--378
[]\OT1/ptm/m/n/10 Random
 []


Overfull \hbox (14.4728pt too wide) in alignment at lines 371--385
[][][][][]
 []

) (./preQues.tex [73] [74]
Appendix B.

Underfull \hbox (badness 10000) in paragraph at lines 41--44

 []


Overfull \hbox (19.75592pt too wide) in paragraph at lines 70--71
 [] 
 []


Underfull \hbox (badness 10000) in paragraph at lines 73--74

 []


Overfull \hbox (19.75592pt too wide) in paragraph at lines 101--102
 [] 
 []


Underfull \hbox (badness 10000) in paragraph at lines 104--105

 []

[75

]
Overfull \hbox (19.75592pt too wide) in paragraph at lines 131--132
 [] 
 []


Underfull \hbox (badness 10000) in paragraph at lines 134--135

 []


Overfull \hbox (19.75592pt too wide) in paragraph at lines 161--162
 [] 
 []


Underfull \hbox (badness 10000) in paragraph at lines 164--165

 []


Overfull \hbox (19.75592pt too wide) in paragraph at lines 191--192
 [] 
 []


Underfull \hbox (badness 10000) in paragraph at lines 194--195

 []


Overfull \hbox (19.75592pt too wide) in paragraph at lines 221--222
 [] 
 []


Underfull \hbox (badness 10000) in paragraph at lines 224--225

 []


Overfull \hbox (19.75592pt too wide) in paragraph at lines 251--252
 [] 
 []


Underfull \hbox (badness 10000) in paragraph at lines 254--255

 []


Overfull \hbox (19.75592pt too wide) in paragraph at lines 281--282
 [] 
 []


Underfull \hbox (badness 10000) in paragraph at lines 284--285

 []


Overfull \hbox (19.75592pt too wide) in paragraph at lines 311--312
 [] 
 []


Underfull \hbox (badness 10000) in paragraph at lines 314--328

 []

[76]
Overfull \hbox (19.75592pt too wide) in paragraph at lines 354--355
 [] 
 []


Underfull \hbox (badness 10000) in paragraph at lines 357--358

 []


Overfull \hbox (19.75592pt too wide) in paragraph at lines 384--385
 [] 
 []

) (./userExperiment.tex [77]
Appendix C.
(./consent.tex) [78

] [79]
Underfull \hbox (badness 10000) in paragraph at lines 37--38

 []


Overfull \hbox (19.75592pt too wide) in paragraph at lines 64--65
 [] 
 []


Underfull \hbox (badness 10000) in paragraph at lines 68--69

 []


Overfull \hbox (19.75592pt too wide) in paragraph at lines 95--96
 [] 
 []


Underfull \hbox (badness 10000) in paragraph at lines 99--100

 []


Overfull \hbox (19.75592pt too wide) in paragraph at lines 126--127
 [] 
 []

[80] (./flowQ.tex
Underfull \hbox (badness 10000) in paragraph at lines 3--4

 []


Underfull \hbox (badness 10000) in paragraph at lines 5--6

 []


Underfull \hbox (badness 10000) in paragraph at lines 33--34

 []


Underfull \hbox (badness 10000) in paragraph at lines 62--63

 []


Underfull \hbox (badness 10000) in paragraph at lines 91--92

 []


Underfull \hbox (badness 10000) in paragraph at lines 120--121

 []

) [81]) (./resultsAppendix.tex [82]
Appendix D.
LaTeX Font Info:    Font shape `OT1/ptm/bx/n' in size <8> not available
(Font)              Font shape `OT1/ptm/b/n' tried instead on input line 12.

Overfull \hbox (3.09946pt too wide) in alignment at lines 11--36
[][][][][][][][][][][]
 []


Underfull \hbox (badness 10000) in alignment at lines 42--67
[][][][][][][][][][][]
 []

[83

]
Underfull \hbox (badness 10000) in alignment at lines 78--95
[][][][][][]
 []

[84] [85]
Underfull \hbox (badness 10000) in alignment at lines 257--270
[][][][]
 []

<./stats/graph1.pdf, id=2143, 632.76402pt x 444.05899pt>
File: ./stats/graph1.pdf Graphic file (type pdf)

<use ./stats/graph1.pdf>
Underfull \hbox (badness 10000) in alignment at lines 284--297
[][][][]
 []

<./stats/graph2.png, id=2145, 593.21625pt x 416.30531pt>
File: ./stats/graph2.png Graphic file (type png)

<use ./stats/graph2.png> [86 <./stats/graph1.pdf>]
Underfull \hbox (badness 10000) in alignment at lines 309--322
[][][][]
 []

<./stats/graph3.png, id=2156, 593.21625pt x 416.30531pt>
File: ./stats/graph3.png Graphic file (type png)

<use ./stats/graph3.png>
Underfull \hbox (badness 10000) in alignment at lines 332--345
[][][][]
 []

<./stats/graph5.png, id=2157, 593.21625pt x 416.30531pt>
File: ./stats/graph5.png Graphic file (type png)

<use ./stats/graph5.png> [87 <./stats/graph2.png (PNG copy)> <./stats/graph3.pn
g (PNG copy)>]
Underfull \hbox (badness 10000) in alignment at lines 355--368
[][][][]
 []

<./stats/graph6.png, id=2162, 593.21625pt x 416.30531pt>
File: ./stats/graph6.png Graphic file (type png)

<use ./stats/graph6.png>
Underfull \hbox (badness 10000) in alignment at lines 376--389
[][][][]
 []

<./stats/graph8.png, id=2163, 593.21625pt x 416.30531pt>
File: ./stats/graph8.png Graphic file (type png)

<use ./stats/graph8.png> [88 <./stats/graph5.png (PNG copy)> <./stats/graph6.pn
g (PNG copy)>]
Underfull \hbox (badness 10000) in alignment at lines 399--412
[][][][]
 []

<./stats/graph9.png, id=2168, 593.21625pt x 416.30531pt>
File: ./stats/graph9.png Graphic file (type png)

<use ./stats/graph9.png> [89 <./stats/graph8.png (PNG copy)> <./stats/graph9.pn
g (PNG copy)>]
Overfull \hbox (1.24535pt too wide) in paragraph at lines 451--452
[]
 []

<./stats/ig1.pdf, id=2173, 632.76402pt x 444.05899pt>
File: ./stats/ig1.pdf Graphic file (type pdf)
 <use ./stats/ig1.pdf>
<./stats/ig2.png, id=2175, 593.21625pt x 416.30531pt>
File: ./stats/ig2.png Graphic file (type png)
 <use ./stats/ig2.png>
[90 <./stats/ig1.pdf>] <./stats/ig3.png, id=2187, 593.21625pt x 416.30531pt>
File: ./stats/ig3.png Graphic file (type png)

<use ./stats/ig3.png> [91 <./stats/ig2.png (PNG copy)> <./stats/ig3.png (PNG co
py)>] <./stats/ig4.png, id=2192, 593.21625pt x 416.30531pt>
File: ./stats/ig4.png Graphic file (type png)

<use ./stats/ig4.png> <./stats/ig5.png, id=2193, 593.21625pt x 416.30531pt>
File: ./stats/ig5.png Graphic file (type png)

<use ./stats/ig5.png> [92 <./stats/ig4.png (PNG copy)>]
File: ./stats/ig5.png Graphic file (type png)
 <use ./stats/ig5.png>
[93 <./stats/ig5.png (PNG copy)>]
<./stats/ig7.png, id=2202, 593.21625pt x 416.30531pt>
File: ./stats/ig7.png Graphic file (type png)
 <use ./stats/ig7.png>
<./stats/ig8.png, id=2203, 593.21625pt x 416.30531pt>
File: ./stats/ig8.png Graphic file (type png)
 <use ./stats/ig8.png>
[94 <./stats/ig7.png (PNG copy)>]
<./stats/ig9.png, id=2208, 593.21625pt x 416.30531pt>
File: ./stats/ig9.png Graphic file (type png)
 <use ./stats/ig9.png>
[95 <./stats/ig8.png (PNG copy)> <./stats/ig9.png (PNG copy)>]
<./stats/igr1.png, id=2213, 593.21625pt x 416.30531pt>
File: ./stats/igr1.png Graphic file (type png)
 <use ./stats/igr1.png>
<./stats/igr2.png, id=2214, 593.21625pt x 416.30531pt>
File: ./stats/igr2.png Graphic file (type png)
 <use ./stats/igr2.png>
[96 <./stats/igr1.png (PNG copy)>]
<./stats/igr3.png, id=2221, 593.21625pt x 416.30531pt>
File: ./stats/igr3.png Graphic file (type png)
 <use ./stats/igr3.png>
[97 <./stats/igr2.png (PNG copy)> <./stats/igr3.png (PNG copy)>]
<./stats/igr4.png, id=2226, 593.21625pt x 416.30531pt>
File: ./stats/igr4.png Graphic file (type png)
 <use ./stats/igr4.png>
<./stats/igr5.png, id=2227, 593.21625pt x 416.30531pt>
File: ./stats/igr5.png Graphic file (type png)
 <use ./stats/igr5.png>
[98 <./stats/igr4.png (PNG copy)>]
<./stats/igr6.png, id=2232, 593.21625pt x 416.30531pt>
File: ./stats/igr6.png Graphic file (type png)
 <use ./stats/igr6.png>
[99 <./stats/igr5.png (PNG copy)> <./stats/igr6.png (PNG copy)>]
<./stats/igr7.png, id=2237, 593.21625pt x 416.30531pt>
File: ./stats/igr7.png Graphic file (type png)
 <use ./stats/igr7.png>
<./stats/igr8.png, id=2238, 593.21625pt x 416.30531pt>
File: ./stats/igr8.png Graphic file (type png)
 <use ./stats/igr8.png>
[100 <./stats/igr7.png (PNG copy)>]
<./stats/igr9.png, id=2243, 593.21625pt x 416.30531pt>
File: ./stats/igr9.png Graphic file (type png)
 <use ./stats/igr9.png>)
[101 <./stats/igr8.png (PNG copy)> <./stats/igr9.png (PNG copy)>]
(./template.aux)

LaTeX Warning: There were multiply-defined labels.

 ) 
Here is how much of TeX's memory you used:
 11116 strings out of 495061
 174374 string characters out of 1182622
 330180 words of memory out of 3000000
 13561 multiletter control sequences out of 15000+50000
 40593 words of font info for 73 fonts, out of 3000000 for 9000
 28 hyphenation exceptions out of 8191
 61i,20n,96p,2466b,491s stack positions out of 5000i,500n,10000p,200000b,50000s
{/usr/share/texmf-texlive/fonts/enc/dvips/base/8r.enc}</usr/share/texmf-texli
ve/fonts/type1/public/amsfonts/cm/cmex10.pfb></usr/share/texmf-texlive/fonts/ty
pe1/public/amsfonts/cmextra/cmex8.pfb></usr/share/texmf-texlive/fonts/type1/pub
lic/amsfonts/cm/cmmi10.pfb></usr/share/texmf-texlive/fonts/type1/public/amsfont
s/cm/cmmi6.pfb></usr/share/texmf-texlive/fonts/type1/public/amsfonts/cm/cmmi7.p
fb></usr/share/texmf-texlive/fonts/type1/public/amsfonts/cm/cmmi8.pfb></usr/sha
re/texmf-texlive/fonts/type1/public/amsfonts/cm/cmmi9.pfb></usr/share/texmf-tex
live/fonts/type1/public/amsfonts/cm/cmr10.pfb></usr/share/texmf-texlive/fonts/t
ype1/public/amsfonts/cm/cmr6.pfb></usr/share/texmf-texlive/fonts/type1/public/a
msfonts/cm/cmr7.pfb></usr/share/texmf-texlive/fonts/type1/public/amsfonts/cm/cm
r8.pfb></usr/share/texmf-texlive/fonts/type1/public/amsfonts/cm/cmr9.pfb></usr/
share/texmf-texlive/fonts/type1/public/amsfonts/cm/cmsy10.pfb></usr/share/texmf
-texlive/fonts/type1/public/amsfonts/cm/cmsy5.pfb></usr/share/texmf-texlive/fon
ts/type1/public/amsfonts/cm/cmsy6.pfb></usr/share/texmf-texlive/fonts/type1/pub
lic/amsfonts/cm/cmsy7.pfb></usr/share/texmf-texlive/fonts/type1/public/amsfonts
/cm/cmsy8.pfb></usr/share/texmf-texlive/fonts/type1/urw/courier/ucrr8a.pfb></us
r/share/texmf-texlive/fonts/type1/urw/times/utmb8a.pfb></usr/share/texmf-texliv
e/fonts/type1/urw/times/utmbi8a.pfb></usr/share/texmf-texlive/fonts/type1/urw/t
imes/utmr8a.pfb></usr/share/texmf-texlive/fonts/type1/urw/times/utmri8a.pfb>
Output written on template.pdf (114 pages, 2376890 bytes).
PDF statistics:
 2410 PDF objects out of 2487 (max. 8388607)
 430 named destinations out of 1000 (max. 500000)
 1316 words of extra memory for PDF output out of 10000 (max. 10000000)

